{
    "subgraphs":[
        {
            "index":0,
            "name":"subgraph_image_input",
            "device":"USER"
        },
        {
            "index":1,
            "name":"subgraph_quant_add",
            "device":"DPU",
            "fingerprint":"0x101000016010407",
            "DPU Arch":"DPUCZDX8G_ISA1_B4096",
            "workload":65932342307,
            "input_tensor":[
                {
                    "index":0,
                    "name":"quant_image_input",
                    "shape":[
                        1,
                        416,
                        416,
                        3
                    ],
                    "fixpos":6
                }
            ],
            "output_tensor":[
                {
                    "index":0,
                    "name":"quant_conv2d_66_fix",
                    "shape":[
                        1,
                        26,
                        26,
                        255
                    ],
                    "fixpos":2
                },
                {
                    "index":1,
                    "name":"quant_conv2d_58_fix",
                    "shape":[
                        1,
                        13,
                        13,
                        255
                    ],
                    "fixpos":2
                },
                {
                    "index":2,
                    "name":"quant_conv2d_74_fix",
                    "shape":[
                        1,
                        52,
                        52,
                        255
                    ],
                    "fixpos":2
                }
            ],
            "reg info":[
                {
                    "name":"REG_0",
                    "context type":"CONST",
                    "size":61922845
                },
                {
                    "name":"REG_1",
                    "context type":"WORKSPACE",
                    "size":13541632
                },
                {
                    "name":"REG_2",
                    "context type":"DATA_LOCAL_INPUT",
                    "size":520432
                },
                {
                    "name":"REG_3",
                    "context type":"DATA_LOCAL_OUTPUT",
                    "size":905008
                }
            ]
        },
        {
            "index":2,
            "name":"subgraph_quant_conv2d_74_fix_",
            "device":"CPU"
        },
        {
            "index":3,
            "name":"subgraph_quant_conv2d_66_fix_",
            "device":"CPU"
        },
        {
            "index":4,
            "name":"subgraph_quant_conv2d_58_fix_",
            "device":"CPU"
        }
    ]
}
